<html>
<body>
<pre>
<h1>µVision Build Log</h1>
<h2>Tool Versions:</h2>
IDE-Version: ¦ÌVision V5.27.0.0
Copyright (C) 2018 ARM Ltd and ARM Germany GmbH. All rights reserved.
License Information: wu Elephant, fei, LIC=CZLZX-H2045-RAFDM-X56B3-4QU66-1F0QX
 
Tool Versions:
Toolchain:       MDK-ARM Plus  Version: 5.27.0.0
Toolchain Path:  D:\APP\Keil_v5\ARM\ARMCC\Bin
C Compiler:      Armcc.exe V5.06 update 6 (build 750)
Assembler:       Armasm.exe V5.06 update 6 (build 750)
Linker/Locator:  ArmLink.exe V5.06 update 6 (build 750)
Library Manager: ArmAr.exe V5.06 update 6 (build 750)
Hex Converter:   FromElf.exe V5.06 update 6 (build 750)
CPU DLL:         SARMCM3.DLL V5.27.0.0
Dialog DLL:      DCM.DLL V1.17.2.0
Target DLL:      STLink\ST-LINKIII-KEIL_SWO.dll V3.0.5.0
Dialog DLL:      TCM.DLL V1.36.1.0
 
<h2>Project:</h2>
D:\soft\STM32F103C8T6_V4.0\stm32f103c8t6-V4.0-3\MDK-ARM\stm32f103c8t6-V4.0-3.uvprojx
Project File Date:  11/13/2025

<h2>Output:</h2>
*** Using Compiler 'V5.06 update 6 (build 750)', folder: 'D:\APP\Keil_v5\ARM\ARMCC\Bin'
Build target 'stm32f103c8t6-V4.0-3'
compiling Rfid_control.c...
..\Core\Src\Rfid_control.c(355): warning:  #546-D: transfer of control bypasses initialization of:
            variable "stop_tx"  (declared at line 420)
            variable "STOP_CONFIRM_RX_LEN"  (declared at line 423)
            variable "found_threshold"  (declared at line 449)
          goto cleanup;
          ^
..\Core\Src\Rfid_control.c(365): warning:  #546-D: transfer of control bypasses initialization of:
            variable "stop_tx"  (declared at line 420)
            variable "STOP_CONFIRM_RX_LEN"  (declared at line 423)
            variable "found_threshold"  (declared at line 449)
          goto cleanup;
          ^
..\Core\Src\Rfid_control.c: 2 warnings, 0 errors
linking...
Program Size: Code=10504 RO-data=312 RW-data=60 ZI-data=1732  
FromELF: creating hex file...
"stm32f103c8t6-V4.0-3\stm32f103c8t6-V4.0-3" - 0 Error(s), 2 Warning(s).

<h2>Software Packages used:</h2>

Package Vendor: ARM
                http://www.keil.com/pack/ARM.CMSIS.5.4.0.pack
                ARM.CMSIS.5.4.0
                CMSIS (Cortex Microcontroller Software Interface Standard)
   * Component: CORE Version: 5.1.2

Package Vendor: Keil
                https://www.keil.com/pack/Keil.STM32F1xx_DFP.2.4.1.pack
                Keil.STM32F1xx_DFP.2.4.1
                STMicroelectronics STM32F1 Series Device Support, Drivers and Examples

<h2>Collection of Component include folders:</h2>
  .\RTE\_stm32f103c8t6-V4.0-3
  D:\APP\Keil_v5\ARM\PACK\ARM\CMSIS\5.4.0\CMSIS\Core\Include
  D:\APP\Keil_v5\ARM\PACK\Keil\STM32F1xx_DFP\2.4.1\Device\Include

<h2>Collection of Component Files used:</h2>

   * Component: ARM::CMSIS:CORE:5.1.2
Build Time Elapsed:  00:00:01
</pre>
</body>
</html>
